
  build.log:20:  Use -Xlint:-optio
ns to suppress this message.
  build.log:21:  Use -proc:none to
 disable annotation processing.
  build.log:22:[INFO] /C:/Users/Em
ir/Pusula-Service-Ecosystem/backen
d/src/main/java/com/pusula/backend
/entity/BaseEntity.java: Some inpu
t files use or override a deprecat
ed API.
  build.log:23:[INFO] /C:/Users/Em
ir/Pusula-Service-Ecosystem/backen
d/src/main/java/com/pusula/backend
/entity/BaseEntity.java: Recompile
 with -Xlint:deprecation for detai
ls.
  build.log:24:[INFO] ------------
----------------------------------
---------------
> build.log:25:[ERROR] COMPILATION
 ERROR : 
  build.log:26:[INFO] ------------
----------------------------------
---------------
> build.log:27:[ERROR] /C:/Users/E
mir/Pusula-Service-Ecosystem/backe
nd/src/main/java/com/pusula/backen
d/controller/ReportController.java
:[103,44] cannot find symbol
  build.log:28:  symbol:   method 
generateProposalForm(java.lang.Lon
g)
  build.log:29:  location: variabl
e reportService of type com.pusula
.backend.service.ReportService
> build.log:30:[INFO] 1 error
  build.log:31:[INFO] ------------
----------------------------------
---------------
  build.log:32:[INFO] ------------
----------------------------------
--------------------------
  build.log:33:[INFO] BUILD FAILUR
E
  build.log:34:[INFO] ------------
----------------------------------
--------------------------
  build.log:35:[INFO] Total time: 
 6.167 s
  build.log:36:[INFO] Finished at:
 2025-11-29T13:16:30+03:00
  build.log:37:[INFO] ------------
----------------------------------
--------------------------
> build.log:38:[ERROR] Failed to e
xecute goal org.apache.maven.plugi
ns:maven-compiler-plugin:3.11.0:co
mpile (default-compile) on project
 backend: Compilation failure
> build.log:39:[ERROR] /C:/Users/E
mir/Pusula-Service-Ecosystem/backe
nd/src/main/java/com/pusula/backen
d/controller/ReportController.java
:[103,44] cannot find symbol
> build.log:40:[ERROR]   symbol:  
 method generateProposalForm(java.
lang.Long)
> build.log:41:[ERROR]   location:
 variable reportService of type co
m.pusula.backend.service.ReportSer
vice
> build.log:42:[ERROR] 
> build.log:43:[ERROR] -> [Help 1]
> build.log:44:[ERROR] 
> build.log:45:[ERROR] To see the 
full stack trace of the errors, re
-run Maven with the -e switch.
> build.log:46:[ERROR] Re-run Mave
n using the -X switch to enable fu
ll debug logging.
> build.log:47:[ERROR] 
> build.log:48:[ERROR] For more in
formation about the errors and pos
sible solutions, please read the f
ollowing articles:
> build.log:49:[ERROR] [Help 1] ht
tp://cwiki.apache.org/confluence/d
isplay/MAVEN/MojoFailureException


